// Jest Snapshot v1, https://goo.gl/fbAQLP

exports[`render camera correctly on android 1`] = `
<View
  pointerEvents="box-none"
  style={
    Object {
      "flex": 1,
    }
  }
>
  <View
    collapsable={true}
    pointerEvents="box-none"
    style={
      Object {
        "flex": 1,
      }
    }
  >
    <View
      style={
        Object {
          "backgroundColor": "#000",
          "flexBasis": 0,
          "flexGrow": 1,
          "flexShrink": 1,
        }
      }
    >
      <View
        style={
          Array [
            Object {
              "flex": 1,
            },
            undefined,
          ]
        }
      >
        <View
          style={
            Array [
              Object {
                "alignItems": "center",
                "flex": 2,
                "justifyContent": "center",
                "width": 750,
              },
              undefined,
            ]
          }
        >
          <View
            style={
              Object {
                "backgroundColor": "rgba(0,0,0,0.302)",
                "flexBasis": 0,
                "flexDirection": "row",
                "flexGrow": 1,
                "flexShrink": 1,
              }
            }
          >
            <TouchableOpacity
              activeOpacity={0.2}
              style={
                Object {
                  "alignItems": "flex-end",
                  "flexBasis": 0,
                  "flexGrow": 1,
                  "flexShrink": 1,
                  "paddingBottom": 40,
                  "paddingLeft": 20,
                  "paddingRight": 20,
                  "paddingTop": 40,
                }
              }
            >
              <Image
                source={
                  Object {
                    "testUri": "../../../src/shared/assets/icons/close_dark.png",
                  }
                }
                style={
                  Object {
                    "height": 18,
                    "width": 18,
                  }
                }
              />
            </TouchableOpacity>
          </View>
        </View>
        <View
          style={
            Object {
              "backgroundColor": "transparent",
              "opacity": 0,
            }
          }
        >
          <View
            testID="mocked-camera"
          />
        </View>
        <View
          style={
            Array [
              Object {
                "alignItems": "center",
                "flex": 2,
                "justifyContent": "center",
                "width": 750,
              },
              undefined,
            ]
          }
        >
          <View
            style={
              Object {
                "backgroundColor": "rgba(0,0,0,0.302)",
                "flexBasis": 0,
                "flexDirection": "row",
                "flexGrow": 1,
                "flexShrink": 1,
              }
            }
          >
            <TouchableOpacity
              activeOpacity={0.2}
              style={
                Object {
                  "alignItems": "center",
                  "flexBasis": 0,
                  "flexGrow": 1,
                  "flexShrink": 1,
                  "justifyContent": "center",
                }
              }
            >
              <Text
                style={
                  Object {
                    "color": "#fff",
                  }
                }
              >
                Please focus on a QR code
              </Text>
            </TouchableOpacity>
          </View>
        </View>
      </View>
    </View>
  </View>
</View>
`;

exports[`render camera correctly on iOS 1`] = `
<View
  pointerEvents="box-none"
  style={
    Object {
      "flex": 1,
    }
  }
>
  <View
    collapsable={true}
    pointerEvents="box-none"
    style={
      Object {
        "flex": 1,
      }
    }
  >
    <View
      style={
        Object {
          "backgroundColor": "#000",
          "flexBasis": 0,
          "flexGrow": 1,
          "flexShrink": 1,
        }
      }
    >
      <View
        style={
          Array [
            Object {
              "flex": 1,
            },
            undefined,
          ]
        }
      >
        <View
          style={
            Array [
              Object {
                "alignItems": "center",
                "flex": 2,
                "justifyContent": "center",
                "width": 750,
              },
              undefined,
            ]
          }
        >
          <View
            style={
              Object {
                "backgroundColor": "rgba(0,0,0,0.302)",
                "flexBasis": 0,
                "flexDirection": "row",
                "flexGrow": 1,
                "flexShrink": 1,
              }
            }
          >
            <TouchableOpacity
              activeOpacity={0.2}
              style={
                Object {
                  "alignItems": "flex-end",
                  "flexBasis": 0,
                  "flexGrow": 1,
                  "flexShrink": 1,
                  "paddingBottom": 40,
                  "paddingLeft": 20,
                  "paddingRight": 20,
                  "paddingTop": 40,
                }
              }
            >
              <Image
                source={
                  Object {
                    "testUri": "../../../src/shared/assets/icons/close_dark.png",
                  }
                }
                style={
                  Object {
                    "height": 18,
                    "width": 18,
                  }
                }
              />
            </TouchableOpacity>
          </View>
        </View>
        <View
          style={
            Object {
              "backgroundColor": "transparent",
              "opacity": 0,
            }
          }
        >
          <View
            testID="mocked-camera"
          />
        </View>
        <View
          style={
            Array [
              Object {
                "alignItems": "center",
                "flex": 2,
                "justifyContent": "center",
                "width": 750,
              },
              undefined,
            ]
          }
        >
          <View
            style={
              Object {
                "backgroundColor": "rgba(0,0,0,0.302)",
                "flexBasis": 0,
                "flexDirection": "row",
                "flexGrow": 1,
                "flexShrink": 1,
              }
            }
          >
            <TouchableOpacity
              activeOpacity={0.2}
              style={
                Object {
                  "alignItems": "center",
                  "flexBasis": 0,
                  "flexGrow": 1,
                  "flexShrink": 1,
                  "justifyContent": "center",
                }
              }
            >
              <Text
                style={
                  Object {
                    "color": "#fff",
                  }
                }
              >
                Please focus on a QR code
              </Text>
            </TouchableOpacity>
          </View>
        </View>
      </View>
    </View>
  </View>
</View>
`;
